// Jest Snapshot v1, https://goo.gl/fbAQLP

exports[`treasure table data table a 1`] = `
Array [
  "Potion of healing",
  "Potion of healing",
  "Potion of healing",
  "Potion of healing",
  "Potion of healing",
  "Potion of healing",
  "Potion of healing",
  "Potion of healing",
  "Potion of healing",
  "Potion of healing",
  "Potion of healing",
  "Potion of healing",
  "Potion of healing",
  "Potion of healing",
  "Potion of healing",
  "Potion of healing",
  "Potion of healing",
  "Potion of healing",
  "Potion of healing",
  "Potion of healing",
  "Potion of healing",
  "Potion of healing",
  "Potion of healing",
  "Potion of healing",
  "Potion of healing",
  "Potion of healing",
  "Potion of healing",
  "Potion of healing",
  "Potion of healing",
  "Potion of healing",
  "Potion of healing",
  "Potion of healing",
  "Potion of healing",
  "Potion of healing",
  "Potion of healing",
  "Potion of healing",
  "Potion of healing",
  "Potion of healing",
  "Potion of healing",
  "Potion of healing",
  "Potion of healing",
  "Potion of healing",
  "Potion of healing",
  "Potion of healing",
  "Potion of healing",
  "Potion of healing",
  "Potion of healing",
  "Potion of healing",
  "Potion of healing",
  "Potion of healing",
  "Spell scroll (Cantrip)",
  "Spell scroll (Cantrip)",
  "Spell scroll (Cantrip)",
  "Spell scroll (Cantrip)",
  "Spell scroll (Cantrip)",
  "Spell scroll (Cantrip)",
  "Spell scroll (Cantrip)",
  "Spell scroll (Cantrip)",
  "Spell scroll (Cantrip)",
  "Spell scroll (Cantrip)",
  "Potion of climbing",
  "Potion of climbing",
  "Potion of climbing",
  "Potion of climbing",
  "Potion of climbing",
  "Potion of climbing",
  "Potion of climbing",
  "Potion of climbing",
  "Potion of climbing",
  "Potion of climbing",
  "Spell scroll (One)",
  "Spell scroll (One)",
  "Spell scroll (One)",
  "Spell scroll (One)",
  "Spell scroll (One)",
  "Spell scroll (One)",
  "Spell scroll (One)",
  "Spell scroll (One)",
  "Spell scroll (One)",
  "Spell scroll (One)",
  "Spell scroll (One)",
  "Spell scroll (One)",
  "Spell scroll (One)",
  "Spell scroll (One)",
  "Spell scroll (One)",
  "Spell scroll (One)",
  "Spell scroll (One)",
  "Spell scroll (One)",
  "Spell scroll (One)",
  "Spell scroll (One)",
  "Spell scroll (Two)",
  "Spell scroll (Two)",
  "Spell scroll (Two)",
  "Spell scroll (Two)",
  "Potion of healing (greater)",
  "Potion of healing (greater)",
  "Potion of healing (greater)",
  "Potion of healing (greater)",
  "Bag of holding",
  "Driftglobe",
]
`;

exports[`treasure table data table b 1`] = `
Array [
  "Potion of healing (greater)",
  "Potion of healing (greater)",
  "Potion of healing (greater)",
  "Potion of healing (greater)",
  "Potion of healing (greater)",
  "Potion of healing (greater)",
  "Potion of healing (greater)",
  "Potion of healing (greater)",
  "Potion of healing (greater)",
  "Potion of healing (greater)",
  "Potion of healing (greater)",
  "Potion of healing (greater)",
  "Potion of healing (greater)",
  "Potion of healing (greater)",
  "Potion of healing (greater)",
  "Potion of fire breath",
  "Potion of fire breath",
  "Potion of fire breath",
  "Potion of fire breath",
  "Potion of fire breath",
  "Potion of fire breath",
  "Potion of fire breath",
  "Potion of resistance",
  "Potion of resistance",
  "Potion of resistance",
  "Potion of resistance",
  "Potion of resistance",
  "Potion of resistance",
  "Potion of resistance",
  "Ammunition, +1",
  "Ammunition, +1",
  "Ammunition, +1",
  "Ammunition, +1",
  "Ammunition, +1",
  "Potion of animal friendship",
  "Potion of animal friendship",
  "Potion of animal friendship",
  "Potion of animal friendship",
  "Potion of animal friendship",
  "Potion of hill giant strength",
  "Potion of hill giant strength",
  "Potion of hill giant strength",
  "Potion of hill giant strength",
  "Potion of hill giant strength",
  "Potion of growth",
  "Potion of growth",
  "Potion of growth",
  "Potion of growth",
  "Potion of growth",
  "Potion of water breathing",
  "Potion of water breathing",
  "Potion of water breathing",
  "Potion of water breathing",
  "Potion of water breathing",
  "Spell scroll (Two)",
  "Spell scroll (Two)",
  "Spell scroll (Two)",
  "Spell scroll (Two)",
  "Spell scroll (Two)",
  "Spell scroll (Three)",
  "Spell scroll (Three)",
  "Spell scroll (Three)",
  "Spell scroll (Three)",
  "Spell scroll (Three)",
  "Bag of holding",
  "Bag of holding",
  "Bag of holding",
  "Keoghtom’s ointment",
  "Keoghtom’s ointment",
  "Keoghtom’s ointment",
  "Oil of slipperiness",
  "Oil of slipperiness",
  "Oil of slipperiness",
  "Dust of disappearance",
  "Dust of disappearance",
  "Dust of dryness",
  "Dust of dryness",
  "Dust of sneezing and choking",
  "Dust of sneezing and choking",
  "Elemental gem",
  "Elemental gem",
  "Philter of love",
  "Philter of love",
  "Alchemy jug",
  "Cap of water breathing",
  "Cloak of the manta ray",
  "Driftglobe",
  "Goggles of night",
  "Helm of comprehending languages",
  "Immovable rod",
  "Lantern of revealing",
  "Mariner’s armor",
  "Mithral armor",
  "Potion of poison",
  "Ring of swimming",
  "Robe of useful items",
  "Rope of climbing",
  "Saddle of the cavalier",
  "Wand of magic detection",
  "Wand of secrets",
]
`;

exports[`treasure table data table c 1`] = `
Array [
  "Potion of healing (superior)",
  "Potion of healing (superior)",
  "Potion of healing (superior)",
  "Potion of healing (superior)",
  "Potion of healing (superior)",
  "Potion of healing (superior)",
  "Potion of healing (superior)",
  "Potion of healing (superior)",
  "Potion of healing (superior)",
  "Potion of healing (superior)",
  "Potion of healing (superior)",
  "Potion of healing (superior)",
  "Potion of healing (superior)",
  "Potion of healing (superior)",
  "Potion of healing (superior)",
  "Spell scroll (Four)",
  "Spell scroll (Four)",
  "Spell scroll (Four)",
  "Spell scroll (Four)",
  "Spell scroll (Four)",
  "Spell scroll (Four)",
  "Spell scroll (Four)",
  "Ammunition, +2",
  "Ammunition, +2",
  "Ammunition, +2",
  "Ammunition, +2",
  "Ammunition, +2",
  "Potion of clairvoyance",
  "Potion of clairvoyance",
  "Potion of clairvoyance",
  "Potion of clairvoyance",
  "Potion of clairvoyance",
  "Potion of diminution",
  "Potion of diminution",
  "Potion of diminution",
  "Potion of diminution",
  "Potion of diminution",
  "Potion of gaseous form",
  "Potion of gaseous form",
  "Potion of gaseous form",
  "Potion of gaseous form",
  "Potion of gaseous form",
  "Potion of frost giant strength",
  "Potion of frost giant strength",
  "Potion of frost giant strength",
  "Potion of frost giant strength",
  "Potion of frost giant strength",
  "Potion of stone giant strength",
  "Potion of stone giant strength",
  "Potion of stone giant strength",
  "Potion of stone giant strength",
  "Potion of stone giant strength",
  "Potion of heroism",
  "Potion of heroism",
  "Potion of heroism",
  "Potion of heroism",
  "Potion of heroism",
  "Potion of invulnerability",
  "Potion of invulnerability",
  "Potion of invulnerability",
  "Potion of invulnerability",
  "Potion of invulnerability",
  "Potion of mind reading",
  "Potion of mind reading",
  "Potion of mind reading",
  "Potion of mind reading",
  "Potion of mind reading",
  "Spell scroll (Five)",
  "Spell scroll (Five)",
  "Spell scroll (Five)",
  "Spell scroll (Five)",
  "Spell scroll (Five)",
  "Elixir of health",
  "Elixir of health",
  "Elixir of health",
  "Oil of etherealness",
  "Oil of etherealness",
  "Oil of etherealness",
  "Potion of fire giant strength",
  "Potion of fire giant strength",
  "Potion of fire giant strength",
  "Quaal’s feather token",
  "Quaal’s feather token",
  "Quaal’s feather token",
  "Scroll of protection",
  "Scroll of protection",
  "Scroll of protection",
  "Bag of beans",
  "Bag of beans",
  "Bead of force",
  "Bead of force",
  "Chime of opening",
  "Decanter of endless water",
  "Eyes of minute seeing",
  "Folding boat",
  "Heward’s handy haversack",
  "Horseshoes of speed",
  "Necklace of fireballs",
  "Periapt of health",
  "Sending stones",
]
`;

exports[`treasure table data table d 1`] = `
Array [
  "Potion of healing (supreme)",
  "Potion of healing (supreme)",
  "Potion of healing (supreme)",
  "Potion of healing (supreme)",
  "Potion of healing (supreme)",
  "Potion of healing (supreme)",
  "Potion of healing (supreme)",
  "Potion of healing (supreme)",
  "Potion of healing (supreme)",
  "Potion of healing (supreme)",
  "Potion of healing (supreme)",
  "Potion of healing (supreme)",
  "Potion of healing (supreme)",
  "Potion of healing (supreme)",
  "Potion of healing (supreme)",
  "Potion of healing (supreme)",
  "Potion of healing (supreme)",
  "Potion of healing (supreme)",
  "Potion of healing (supreme)",
  "Potion of healing (supreme)",
  "Potion of invisibility",
  "Potion of invisibility",
  "Potion of invisibility",
  "Potion of invisibility",
  "Potion of invisibility",
  "Potion of invisibility",
  "Potion of invisibility",
  "Potion of invisibility",
  "Potion of invisibility",
  "Potion of invisibility",
  "Potion of speed",
  "Potion of speed",
  "Potion of speed",
  "Potion of speed",
  "Potion of speed",
  "Potion of speed",
  "Potion of speed",
  "Potion of speed",
  "Potion of speed",
  "Potion of speed",
  "Spell scroll (Six)",
  "Spell scroll (Six)",
  "Spell scroll (Six)",
  "Spell scroll (Six)",
  "Spell scroll (Six)",
  "Spell scroll (Six)",
  "Spell scroll (Six)",
  "Spell scroll (Six)",
  "Spell scroll (Six)",
  "Spell scroll (Six)",
  "Spell scroll (Seven)",
  "Spell scroll (Seven)",
  "Spell scroll (Seven)",
  "Spell scroll (Seven)",
  "Spell scroll (Seven)",
  "Spell scroll (Seven)",
  "Spell scroll (Seven)",
  "Ammunition, +3",
  "Ammunition, +3",
  "Ammunition, +3",
  "Ammunition, +3",
  "Ammunition, +3",
  "Oil of sharpness",
  "Oil of sharpness",
  "Oil of sharpness",
  "Oil of sharpness",
  "Oil of sharpness",
  "Potion of flying",
  "Potion of flying",
  "Potion of flying",
  "Potion of flying",
  "Potion of flying",
  "Potion of cloud giant strength",
  "Potion of cloud giant strength",
  "Potion of cloud giant strength",
  "Potion of cloud giant strength",
  "Potion of cloud giant strength",
  "Potion of longevity",
  "Potion of longevity",
  "Potion of longevity",
  "Potion of longevity",
  "Potion of longevity",
  "Potion of vitality",
  "Potion of vitality",
  "Potion of vitality",
  "Potion of vitality",
  "Potion of vitality",
  "Spell scroll (Eight)",
  "Spell scroll (Eight)",
  "Spell scroll (Eight)",
  "Spell scroll (Eight)",
  "Spell scroll (Eight)",
  "Horseshoes of a zephyr",
  "Horseshoes of a zephyr",
  "Horseshoes of a zephyr",
  "Nolzur’s marvelous pigments",
  "Nolzur’s marvelous pigments",
  "Nolzur’s marvelous pigments",
  "Bag of devouring",
  "Portable hole",
]
`;

exports[`treasure table data table e 1`] = `
Array [
  "Spell scroll (Eight)",
  "Spell scroll (Eight)",
  "Spell scroll (Eight)",
  "Spell scroll (Eight)",
  "Spell scroll (Eight)",
  "Spell scroll (Eight)",
  "Spell scroll (Eight)",
  "Spell scroll (Eight)",
  "Spell scroll (Eight)",
  "Spell scroll (Eight)",
  "Spell scroll (Eight)",
  "Spell scroll (Eight)",
  "Spell scroll (Eight)",
  "Spell scroll (Eight)",
  "Spell scroll (Eight)",
  "Spell scroll (Eight)",
  "Spell scroll (Eight)",
  "Spell scroll (Eight)",
  "Spell scroll (Eight)",
  "Spell scroll (Eight)",
  "Spell scroll (Eight)",
  "Spell scroll (Eight)",
  "Spell scroll (Eight)",
  "Spell scroll (Eight)",
  "Spell scroll (Eight)",
  "Spell scroll (Eight)",
  "Spell scroll (Eight)",
  "Spell scroll (Eight)",
  "Spell scroll (Eight)",
  "Spell scroll (Eight)",
  "Potion of storm giant strength",
  "Potion of storm giant strength",
  "Potion of storm giant strength",
  "Potion of storm giant strength",
  "Potion of storm giant strength",
  "Potion of storm giant strength",
  "Potion of storm giant strength",
  "Potion of storm giant strength",
  "Potion of storm giant strength",
  "Potion of storm giant strength",
  "Potion of storm giant strength",
  "Potion of storm giant strength",
  "Potion of storm giant strength",
  "Potion of storm giant strength",
  "Potion of storm giant strength",
  "Potion of storm giant strength",
  "Potion of storm giant strength",
  "Potion of storm giant strength",
  "Potion of storm giant strength",
  "Potion of storm giant strength",
  "Potion of storm giant strength",
  "Potion of storm giant strength",
  "Potion of storm giant strength",
  "Potion of storm giant strength",
  "Potion of storm giant strength",
  "Potion of healing (supreme)",
  "Potion of healing (supreme)",
  "Potion of healing (supreme)",
  "Potion of healing (supreme)",
  "Potion of healing (supreme)",
  "Potion of healing (supreme)",
  "Potion of healing (supreme)",
  "Potion of healing (supreme)",
  "Potion of healing (supreme)",
  "Potion of healing (supreme)",
  "Potion of healing (supreme)",
  "Potion of healing (supreme)",
  "Potion of healing (supreme)",
  "Potion of healing (supreme)",
  "Potion of healing (supreme)",
  "Spell scroll (Nine)",
  "Spell scroll (Nine)",
  "Spell scroll (Nine)",
  "Spell scroll (Nine)",
  "Spell scroll (Nine)",
  "Spell scroll (Nine)",
  "Spell scroll (Nine)",
  "Spell scroll (Nine)",
  "Spell scroll (Nine)",
  "Spell scroll (Nine)",
  "Spell scroll (Nine)",
  "Spell scroll (Nine)",
  "Spell scroll (Nine)",
  "Spell scroll (Nine)",
  "Spell scroll (Nine)",
  "Universal solvent",
  "Universal solvent",
  "Universal solvent",
  "Universal solvent",
  "Universal solvent",
  "Universal solvent",
  "Universal solvent",
  "Universal solvent",
  "Arrow of slaying",
  "Arrow of slaying",
  "Arrow of slaying",
  "Arrow of slaying",
  "Arrow of slaying",
  "Sovereign glue",
  "Sovereign glue",
]
`;

exports[`treasure table data table f 1`] = `
Array [
  "Weapon, +1",
  "Weapon, +1",
  "Weapon, +1",
  "Weapon, +1",
  "Weapon, +1",
  "Weapon, +1",
  "Weapon, +1",
  "Weapon, +1",
  "Weapon, +1",
  "Weapon, +1",
  "Weapon, +1",
  "Weapon, +1",
  "Weapon, +1",
  "Weapon, +1",
  "Weapon, +1",
  "Shield, +1",
  "Shield, +1",
  "Shield, +1",
  "Sentinel shield",
  "Sentinel shield",
  "Sentinel shield",
  "Amulet of proof against detection and location",
  "Amulet of proof against detection and location",
  "Boots of elvenkind",
  "Boots of elvenkind",
  "Boots of striding and springing",
  "Boots of striding and springing",
  "Bracers of archery",
  "Bracers of archery",
  "Brooch of shielding",
  "Brooch of shielding",
  "Broom of flying",
  "Broom of flying",
  "Cloak of elvenkind",
  "Cloak of elvenkind",
  "Cloak of protection",
  "Cloak of protection",
  "Gauntlets of ogre power",
  "Gauntlets of ogre power",
  "Hat of disguise",
  "Hat of disguise",
  "Javelin of lightning",
  "Javelin of lightning",
  "Pearl of power",
  "Pearl of power",
  "Rod of the pact keeper, +1",
  "Rod of the pact keeper, +1",
  "Slippers of spider climbing",
  "Slippers of spider climbing",
  "Staff of the adder",
  "Staff of the adder",
  "Staff of the python",
  "Staff of the python",
  "Sword of vengeance",
  "Sword of vengeance",
  "Trident of fish command",
  "Trident of fish command",
  "Wand of magic missiles",
  "Wand of magic missiles",
  "Wand of the war mage, +1",
  "Wand of the war mage, +1",
  "Wand of web",
  "Wand of web",
  "Weapon of warning",
  "Weapon of warning",
  "Adamantine armor (chain mail)",
  "Adamantine armor (chain shirt)",
  "Adamantine armor (scale mail)",
  "Bag of tricks (gray)",
  "Bag of tricks (rust)",
  "Bag of tricks (tan)",
  "Boots of the winterlands",
  "Circlet of blasting",
  "Deck of illusions",
  "Eversmoking bottle",
  "Eyes of charming",
  "Eyes of the eagle",
  "Figurine of wondrous power (silver raven)",
  "Gem of brightness",
  "Gloves of missile snaring",
  "Gloves of swimming and climbing",
  "Gloves of thievery",
  "Headband of intellect",
  "Helm of telepathy",
  "Instrument of the bards (Doss lute)",
  "Instrument of the bards (Fochlucan bandore)",
  "Instrument of the bards (Mac-Fuimidh cittern)",
  "Medallion of thoughts",
  "Necklace of adaptation",
  "Periapt of wound closure",
  "Pipes of haunting",
  "Pipes of the sewers",
  "Ring of jumping",
  "Ring of mind shielding",
  "Ring of warmth",
  "Ring of water walking",
  "Quiver of Ehlonna",
  "Stone of good luck (luckstone)",
  "Wind fan",
  "Winged boots",
]
`;

exports[`treasure table data table g 1`] = `
Array [
  "Weapon, +2",
  "Weapon, +2",
  "Weapon, +2",
  "Weapon, +2",
  "Weapon, +2",
  "Weapon, +2",
  "Weapon, +2",
  "Weapon, +2",
  "Weapon, +2",
  "Weapon, +2",
  "Weapon, +2",
  "Figurine of wondrous power (Bronze griffon)",
  "Figurine of wondrous power (Bronze griffon)",
  "Figurine of wondrous power (Bronze griffon)",
  "Adamantine armor (breastplate)",
  "Adamantine armor (splint)",
  "Amulet of health",
  "Armor of vulnerability",
  "Arrow-catching shield",
  "Belt of dwarvenkind",
  "Belt of hill giant strength",
  "Berserker axe",
  "Boots of levitation",
  "Boots of speed",
  "Bowl of commanding water elementals",
  "Bracers of defense",
  "Brazier of commanding fire elementals",
  "Cape of the mountebank",
  "Censer of controlling air elementals",
  "Armor, +1 chain mail",
  "Armor of resistance (chain mail)",
  "Armor, +1 chain shirt",
  "Armor of resistance (chain shirt)",
  "Cloak of displacement",
  "Cloak of the bat",
  "Cube of force",
  "Daern’s instant fortress",
  "Dagger of venom",
  "Dimensional shackles",
  "Dragon slayer",
  "Elven chain",
  "Flame tongue",
  "Gem of seeing",
  "Giant slayer",
  "Glamoured studded leather",
  "Helm of teleportation",
  "Horn of blasting",
  "Horn of Valhalla (silver or brass)",
  "Instrument of the bards (Canaith mandolin)",
  "Instrument of the bards (Cli lyre)",
  "Ioun stone (awareness)",
  "Ioun stone (protection)",
  "Ioun stone (reserve)",
  "Ioun stone (sustenance)",
  "Iron bands of Bilarro",
  "Armor, +1 leather",
  "Armor of resistance (leather)",
  "Mace of disruption",
  "Mace of smiting",
  "Mace of terror",
  "Mantle of spell resistance",
  "Necklace of prayer beads",
  "Periapt of proof against poison",
  "Ring of animal influence",
  "Ring of evasion",
  "Ring of feather falling",
  "Ring of free action",
  "Ring of protection",
  "Ring of resistance",
  "Ring of spell storing",
  "Ring of the ram",
  "Ring of X-ray vision",
  "Robe of eyes",
  "Rod of rulership",
  "Rod of the pact keeper, +2",
  "Rope of entanglement",
  "Armor, +1 scale mail",
  "Armor of resistance (scale mail)",
  "Shield, +2",
  "Shield of missile attraction",
  "Staff of charming",
  "Staff of healing",
  "Staff of swarming insects",
  "Staff of the woodlands",
  "Staff of withering",
  "Stone of controlling earth elementals",
  "Sun blade",
  "Sword of life stealing",
  "Sword of wounding",
  "Tentacle rod",
  "Vicious weapon",
  "Wand of binding",
  "Wand of enemy detection",
  "Wand of fear",
  "Wand of fireballs",
  "Wand of lightning bolts",
  "Wand of paralysis",
  "Wand of the war mage, +2",
  "Wand of wonder",
  "Wings of flying",
]
`;

exports[`treasure table data table h 1`] = `
Array [
  "Weapon, +3",
  "Weapon, +3",
  "Weapon, +3",
  "Weapon, +3",
  "Weapon, +3",
  "Weapon, +3",
  "Weapon, +3",
  "Weapon, +3",
  "Weapon, +3",
  "Weapon, +3",
  "Amulet of the planes",
  "Amulet of the planes",
  "Carpet of flying",
  "Carpet of flying",
  "Crystal ball (very rare version)",
  "Crystal ball (very rare version)",
  "Ring of regeneration",
  "Ring of regeneration",
  "Ring of shooting stars",
  "Ring of shooting stars",
  "Ring of telekinesis",
  "Ring of telekinesis",
  "Robe of scintillating colors",
  "Robe of scintillating colors",
  "Robe of stars",
  "Robe of stars",
  "Rod of absorption",
  "Rod of absorption",
  "Rod of alertness",
  "Rod of alertness",
  "Rod of security",
  "Rod of security",
  "Rod of the pact keeper, +3",
  "Rod of the pact keeper, +3",
  "Scimitar of speed",
  "Scimitar of speed",
  "Shield, +3",
  "Shield, +3",
  "Staff of fire",
  "Staff of fire",
  "Staff of frost",
  "Staff of frost",
  "Staff of power",
  "Staff of power",
  "Staff of striking",
  "Staff of striking",
  "Staff of thunder and lightning",
  "Staff of thunder and lightning",
  "Sword of sharpness",
  "Sword of sharpness",
  "Wand of polymorph",
  "Wand of polymorph",
  "Wand of the war mage, +3",
  "Wand of the war mage, +3",
  "Adamantine armor (half plate)",
  "Adamantine armor (plate)",
  "Animated shield",
  "Belt of fire giant strength",
  "Belt of frost giant strength (or stone)",
  "Armor, +1 breastplate",
  "Armor of resistance (breastplate)",
  "Candle of invocation",
  "Armor, +2 chain mail",
  "Armor, +2 chain shirt",
  "Cloak of arachnida",
  "Dancing sword",
  "Demon armor",
  "Dragon scale mail",
  "Dwarven plate",
  "Dwarven thrower",
  "Efreeti bottle",
  "Figurine of wondrous power (obsidian steed)",
  "Frost brand",
  "Helm of brilliance",
  "Horn of Valhalla (bronze)",
  "Instrument of the bards (Anstruth harp)",
  "Ioun stone (absorption)",
  "Ioun stone (agility)",
  "Ioun stone (fortitude)",
  "Ioun stone (insight)",
  "Ioun stone (intellect)",
  "Ioun stone (leadership)",
  "Ioun stone (strength)",
  "Armor, +2 leather",
  "Manual of bodily health",
  "Manual of gainful exercise",
  "Manual of golems",
  "Manual of quickness of action",
  "Mirror of life trapping",
  "Nine lives stealer",
  "Oathbow",
  "Armor, +2 scale mail",
  "Spellguard shield",
  "Armor, +1 splint",
  "Armor of resistance (splint)",
  "Armor, +1 studded leather",
  "Armor of resistance (studded leather)",
  "Tome of clear thought",
  "Tome of leadership and influence",
  "Tome of understanding",
]
`;

exports[`treasure table data table i 1`] = `
Array [
  "Defender",
  "Defender",
  "Defender",
  "Defender",
  "Defender",
  "Hammer of thunderbolts",
  "Hammer of thunderbolts",
  "Hammer of thunderbolts",
  "Hammer of thunderbolts",
  "Hammer of thunderbolts",
  "Luck blade",
  "Luck blade",
  "Luck blade",
  "Luck blade",
  "Luck blade",
  "Sword of answering",
  "Sword of answering",
  "Sword of answering",
  "Sword of answering",
  "Sword of answering",
  "Holy avenger",
  "Holy avenger",
  "Holy avenger",
  "Ring of djinni summoning",
  "Ring of djinni summoning",
  "Ring of djinni summoning",
  "Ring of invisibility",
  "Ring of invisibility",
  "Ring of invisibility",
  "Ring of spell turning",
  "Ring of spell turning",
  "Ring of spell turning",
  "Rod of lordly might",
  "Rod of lordly might",
  "Rod of lordly might",
  "Staff of the magi",
  "Staff of the magi",
  "Staff of the magi",
  "Vorpal sword",
  "Vorpal sword",
  "Vorpal sword",
  "Belt of cloud giant strength",
  "Belt of cloud giant strength",
  "Armor, +2 breastplate",
  "Armor, +2 breastplate",
  "Armor, +2 chain mail",
  "Armor, +2 chain mail",
  "Armor, +2 chain shirt",
  "Armor, +2 chain shirt",
  "Cloak of invisibility",
  "Cloak of invisibility",
  "Crystal ball (legendary version)",
  "Crystal ball (legendary version)",
  "Armor, +1 half plate",
  "Armor, +1 half plate",
  "Iron flask",
  "Iron flask",
  "Armor, +3 leather",
  "Armor, +3 leather",
  "Armor, +1 plate",
  "Armor, +1 plate",
  "Robe of the archmagi",
  "Robe of the archmagi",
  "Rod of resurrection",
  "Rod of resurrection",
  "Armor, +1 scale mail",
  "Armor, +1 scale mail",
  "Scarab of protection",
  "Scarab of protection",
  "Armor, +2 splint",
  "Armor, +2 splint",
  "Armor, +2 studded leather",
  "Armor, +2 studded leather",
  "Well of many worlds",
  "Well of many worlds",
  "Armor, +2 half plate",
  "Apparatus of Kwalish",
  "Armor of invulnerability",
  "Belt of storm giant strength",
  "Cubic gate",
  "Deck of many things",
  "Efreeti chain",
  "Armor of resistance (half plate)",
  "Horn of Valhalla (iron)",
  "Instrument of the bards (Ollamh harp)",
  "Ioun stone (greater absorption)",
  "Ioun stone (mastery)",
  "Ioun stone (regeneration)",
  "Plate armor of etherealness",
  "Armor of resistance (plate)",
  "Ring of air elemental command",
  "Ring of earth elemental command",
  "Ring of fire elemental command",
  "Ring of three wishes",
  "Ring of water elemental command",
  "Sphere of annihilation",
  "Talisman of pure good",
  "Talisman of the sphere",
  "Talisman of ultimate evil",
  "Tome of the stilled tongue",
]
`;
