// Jest Snapshot v1, https://goo.gl/fbAQLP

exports[`/35 is a slash command 1`] = `
Object {
  "config": Object {
    "default_permission": undefined,
    "description": "Convert 3.5 skill to 5e",
    "name": "35",
    "options": Array [
      Object {
        "autocomplete": undefined,
        "choices": undefined,
        "description": "3.5 skill",
        "name": "skill",
        "required": true,
        "type": 3,
      },
    ],
  },
  "handle": [Function],
}
`;
