// Jest Snapshot v1, https://goo.gl/fbAQLP

exports[`/elixir is a slash command 1`] = `
Object {
  "config": Object {
    "default_permission": undefined,
    "description": "Craft an experimental elixir",
    "name": "elixir",
    "options": Array [
      Object {
        "choices": undefined,
        "description": "Value of a d6 roll.",
        "name": "roll",
        "required": false,
        "type": 4,
      },
    ],
  },
  "handle": [Function],
}
`;
