// Jest Snapshot v1, https://goo.gl/fbAQLP

exports[`/event is a slash command 1`] = `
Object {
  "description": "Trigger a random event",
  "name": "event",
  "options": Array [
    Object {
      "choices": undefined,
      "description": "Value of a d20 roll.",
      "name": "roll",
      "required": false,
      "type": 4,
    },
  ],
}
`;
