// Jest Snapshot v1, https://goo.gl/fbAQLP

exports[`/event is a slash command 1`] = `
Object {
  "config": Object {
    "default_permission": undefined,
    "description": "Trigger a random event",
    "name": "event",
    "options": Array [
      Object {
        "autocomplete": undefined,
        "choices": undefined,
        "description": "Value of a d20 roll.",
        "max_value": 20,
        "min_value": 1,
        "name": "roll",
        "required": false,
        "type": 4,
      },
    ],
  },
  "handle": [Function],
}
`;
