// Jest Snapshot v1, https://goo.gl/fbAQLP

exports[`/madness is a slash command 1`] = `
Object {
  "config": Object {
    "default_permission": undefined,
    "description": "Give a random madness to a player",
    "name": "madness",
    "options": Array [
      Object {
        "autocomplete": undefined,
        "choices": Array [
          Object {
            "name": "Short (minutes)",
            "value": "short",
          },
          Object {
            "name": "Long (hours)",
            "value": "long",
          },
          Object {
            "name": "Flaw (permenant)",
            "value": "flaw",
          },
        ],
        "description": "Type of madness",
        "name": "type",
        "required": true,
        "type": 3,
      },
      Object {
        "description": "Player",
        "name": "user",
        "required": true,
        "type": 6,
      },
      Object {
        "autocomplete": undefined,
        "choices": undefined,
        "description": "Value of a d100 roll.",
        "max_value": 100,
        "min_value": 1,
        "name": "roll",
        "required": false,
        "type": 4,
      },
    ],
  },
  "handle": [Function],
}
`;
