// Jest Snapshot v1, https://goo.gl/fbAQLP

exports[`/prune is a slash command 1`] = `
Object {
  "config": Object {
    "default_permission": undefined,
    "description": "Prune messages",
    "name": "prune",
    "options": Array [
      Object {
        "autocomplete": undefined,
        "choices": undefined,
        "description": "Number of messages to delete",
        "max_value": undefined,
        "min_value": undefined,
        "name": "messages",
        "required": true,
        "type": 4,
      },
    ],
  },
  "handle": [Function],
}
`;
