// Jest Snapshot v1, https://goo.gl/fbAQLP

exports[`/wildMagic is a slash command 1`] = `
Object {
  "default_permission": undefined,
  "description": "Roll on the Wild Magic table",
  "name": "wildmagic",
  "options": Array [
    Object {
      "description": "Roll on the Barbarian Wild Magic table",
      "name": "barbarian",
      "required": false,
      "type": 5,
    },
    Object {
      "choices": undefined,
      "description": "Value of a d100 (Sorcerer) or d8 (Barbarian) roll.",
      "name": "roll",
      "required": false,
      "type": 4,
    },
  ],
}
`;
